2025-04-23 19:54:17,612 - masks - INFO - Успех
2025-04-23 19:54:33,809 - masks - INFO - Успех
2025-04-23 19:54:43,195 - masks - WARNING - Неправильная длина номера счета
2025-04-23 19:54:55,981 - masks - ERROR - Недопустимый символ в номере счета
2025-05-15 00:52:21,881 - masks - INFO - Успех
2025-05-15 00:52:21,883 - masks - WARNING - Неправильная длина номера счета
2025-05-15 00:52:21,884 - masks - WARNING - Неправильная длина номера счета
2025-05-15 00:52:21,885 - masks - WARNING - Неправильная длина номера счета
2025-05-15 00:52:21,886 - masks - INFO - Успех
2025-05-15 00:52:21,887 - masks - WARNING - Неправильная длина номера карты
2025-05-15 00:52:21,889 - masks - WARNING - Неправильная длина номера карты
2025-05-15 00:52:21,890 - masks - WARNING - Неправильная длина номера карты
2025-05-15 00:52:21,891 - masks - ERROR - Недопустимый символ в номере счета
2025-05-15 00:52:21,892 - masks - ERROR - Недопустимый символ в номере счета
2025-05-15 00:52:21,893 - masks - ERROR - Недопустимый символ в номере счета
2025-05-15 00:52:21,894 - masks - ERROR - Недопустимый символ в номере счета
2025-05-15 00:52:21,895 - masks - ERROR - Недопустимый символ в номере карты
2025-05-15 00:52:21,897 - masks - ERROR - Недопустимый символ в номере карты
2025-05-15 00:52:21,899 - masks - ERROR - Недопустимый символ в номере карты
2025-05-15 00:52:21,900 - masks - ERROR - Недопустимый символ в номере карты
2025-05-15 00:52:22,009 - masks - WARNING - Неправильная длина номера карты
2025-05-15 00:52:22,010 - masks - WARNING - Неправильная длина номера карты
2025-05-15 00:52:22,011 - masks - WARNING - Неправильная длина номера счета
2025-05-15 00:52:22,013 - masks - INFO - Успех
2025-05-15 00:52:22,014 - masks - INFO - Успех
2025-05-15 00:52:22,014 - masks - INFO - Успех
2025-05-15 00:52:22,014 - masks - INFO - Успех
2025-05-15 00:52:22,014 - masks - INFO - Успех
2025-05-15 00:52:22,014 - masks - INFO - Успех
2025-05-15 00:52:22,014 - masks - INFO - Успех
2025-05-15 00:52:22,014 - masks - INFO - Успех
2025-05-15 00:52:22,014 - masks - INFO - Успех
2025-05-15 00:52:22,014 - masks - INFO - Успех
2025-05-15 00:55:18,644 - masks - INFO - Успех
2025-05-15 00:55:18,645 - masks - WARNING - Неправильная длина номера счета
2025-05-15 00:55:18,646 - masks - WARNING - Неправильная длина номера счета
2025-05-15 00:55:18,648 - masks - WARNING - Неправильная длина номера счета
2025-05-15 00:55:18,649 - masks - INFO - Успех
2025-05-15 00:55:18,650 - masks - WARNING - Неправильная длина номера карты
2025-05-15 00:55:18,652 - masks - WARNING - Неправильная длина номера карты
2025-05-15 00:55:18,653 - masks - WARNING - Неправильная длина номера карты
2025-05-15 00:55:18,655 - masks - ERROR - Недопустимый символ в номере счета
2025-05-15 00:55:18,656 - masks - ERROR - Недопустимый символ в номере счета
2025-05-15 00:55:18,657 - masks - ERROR - Недопустимый символ в номере счета
2025-05-15 00:55:18,658 - masks - ERROR - Недопустимый символ в номере счета
2025-05-15 00:55:18,660 - masks - ERROR - Недопустимый символ в номере карты
2025-05-15 00:55:18,661 - masks - ERROR - Недопустимый символ в номере карты
2025-05-15 00:55:18,662 - masks - ERROR - Недопустимый символ в номере карты
2025-05-15 00:55:18,663 - masks - ERROR - Недопустимый символ в номере карты
2025-05-15 00:55:18,694 - masks - WARNING - Неправильная длина номера карты
2025-05-15 00:55:18,695 - masks - WARNING - Неправильная длина номера карты
2025-05-15 00:55:18,696 - masks - WARNING - Неправильная длина номера счета
2025-05-15 00:55:18,699 - masks - INFO - Успех
2025-05-15 00:55:18,699 - masks - INFO - Успех
2025-05-15 00:55:18,699 - masks - INFO - Успех
2025-05-15 00:55:18,699 - masks - INFO - Успех
2025-05-15 00:55:18,699 - masks - INFO - Успех
2025-05-15 00:55:18,699 - masks - INFO - Успех
2025-05-15 00:55:18,699 - masks - INFO - Успех
2025-05-15 00:55:18,699 - masks - INFO - Успех
2025-05-15 00:55:18,700 - masks - INFO - Успех
2025-05-15 00:55:18,700 - masks - INFO - Успех
2025-05-15 01:00:27,818 - masks - INFO - Успех
2025-05-15 01:00:27,822 - masks - WARNING - Неправильная длина номера счета
2025-05-15 01:00:27,825 - masks - WARNING - Неправильная длина номера счета
2025-05-15 01:00:27,828 - masks - WARNING - Неправильная длина номера счета
2025-05-15 01:00:27,831 - masks - INFO - Успех
2025-05-15 01:00:27,834 - masks - WARNING - Неправильная длина номера карты
2025-05-15 01:00:27,838 - masks - WARNING - Неправильная длина номера карты
2025-05-15 01:00:27,841 - masks - WARNING - Неправильная длина номера карты
2025-05-15 01:00:27,844 - masks - ERROR - Недопустимый символ в номере счета
2025-05-15 01:00:27,846 - masks - ERROR - Недопустимый символ в номере счета
2025-05-15 01:00:27,849 - masks - ERROR - Недопустимый символ в номере счета
2025-05-15 01:00:27,852 - masks - ERROR - Недопустимый символ в номере счета
2025-05-15 01:00:27,856 - masks - ERROR - Недопустимый символ в номере карты
2025-05-15 01:00:27,859 - masks - ERROR - Недопустимый символ в номере карты
2025-05-15 01:00:27,861 - masks - ERROR - Недопустимый символ в номере карты
2025-05-15 01:00:27,864 - masks - ERROR - Недопустимый символ в номере карты
2025-05-15 01:00:27,936 - masks - WARNING - Неправильная длина номера карты
2025-05-15 01:00:27,938 - masks - WARNING - Неправильная длина номера карты
2025-05-15 01:00:27,941 - masks - WARNING - Неправильная длина номера счета
2025-05-15 01:00:27,945 - masks - INFO - Успех
2025-05-15 01:00:27,946 - masks - INFO - Успех
2025-05-15 01:00:27,946 - masks - INFO - Успех
2025-05-15 01:00:27,946 - masks - INFO - Успех
2025-05-15 01:00:27,946 - masks - INFO - Успех
2025-05-15 01:00:27,947 - masks - INFO - Успех
2025-05-15 01:00:27,947 - masks - INFO - Успех
2025-05-15 01:00:27,947 - masks - INFO - Успех
2025-05-15 01:00:27,947 - masks - INFO - Успех
2025-05-15 01:00:27,948 - masks - INFO - Успех
2025-05-15 01:01:12,112 - masks - INFO - Успех
2025-05-15 01:01:12,115 - masks - WARNING - Неправильная длина номера счета
2025-05-15 01:01:12,117 - masks - WARNING - Неправильная длина номера счета
2025-05-15 01:01:12,120 - masks - WARNING - Неправильная длина номера счета
2025-05-15 01:01:12,122 - masks - INFO - Успех
2025-05-15 01:01:12,125 - masks - WARNING - Неправильная длина номера карты
2025-05-15 01:01:12,129 - masks - WARNING - Неправильная длина номера карты
2025-05-15 01:01:12,131 - masks - WARNING - Неправильная длина номера карты
2025-05-15 01:01:12,134 - masks - ERROR - Недопустимый символ в номере счета
2025-05-15 01:01:12,136 - masks - ERROR - Недопустимый символ в номере счета
2025-05-15 01:01:12,139 - masks - ERROR - Недопустимый символ в номере счета
2025-05-15 01:01:12,141 - masks - ERROR - Недопустимый символ в номере счета
2025-05-15 01:01:12,143 - masks - ERROR - Недопустимый символ в номере карты
2025-05-15 01:01:12,147 - masks - ERROR - Недопустимый символ в номере карты
2025-05-15 01:01:12,149 - masks - ERROR - Недопустимый символ в номере карты
2025-05-15 01:01:12,152 - masks - ERROR - Недопустимый символ в номере карты
2025-05-15 01:01:12,218 - masks - WARNING - Неправильная длина номера карты
2025-05-15 01:01:12,221 - masks - WARNING - Неправильная длина номера карты
2025-05-15 01:01:12,223 - masks - WARNING - Неправильная длина номера счета
2025-05-15 01:01:12,228 - masks - INFO - Успех
2025-05-15 01:01:12,228 - masks - INFO - Успех
2025-05-15 01:01:12,229 - masks - INFO - Успех
2025-05-15 01:01:12,229 - masks - INFO - Успех
2025-05-15 01:01:12,229 - masks - INFO - Успех
2025-05-15 01:01:12,230 - masks - INFO - Успех
2025-05-15 01:01:12,230 - masks - INFO - Успех
2025-05-15 01:01:12,230 - masks - INFO - Успех
2025-05-15 01:01:12,230 - masks - INFO - Успех
2025-05-15 01:01:12,230 - masks - INFO - Успех
